// Jest Snapshot v1, https://goo.gl/fbAQLP

exports[`<Home /> Snapshot renders snapshot with no props 1`] = `
ReactWrapper {
  "length": 1,
  Symbol(enzyme.__unrendered__): <Home />,
  Symbol(enzyme.__renderer__): Object {
    "batchedUpdates": [Function],
    "getNode": [Function],
    "render": [Function],
    "simulateEvent": [Function],
    "unmount": [Function],
  },
  Symbol(enzyme.__root__): [Circular],
  Symbol(enzyme.__node__): Object {
    "instance": null,
    "key": undefined,
    "nodeType": "function",
    "props": Object {},
    "ref": null,
    "rendered": Object {
      "instance": null,
      "key": undefined,
      "nodeType": "function",
      "props": Object {
        "children": <Row
          tag="div"
>
          <Col
                    tag="div"
                    widths={
                              Array [
                                        "xs",
                                        "sm",
                                        "md",
                                        "lg",
                                        "xl",
                                      ]
                    }
          >
                    <p>
                              Home
                    </p>
          </Col>
</Row>,
        "fluid": true,
        "tag": "div",
      },
      "ref": null,
      "rendered": Object {
        "instance": <div
          class="container-fluid"
>
          <div
                    class="row"
          >
                    <div
                              class="col"
                    >
                              <p>
                                        Home
                              </p>
                    </div>
          </div>
</div>,
        "key": undefined,
        "nodeType": "host",
        "props": Object {
          "children": <Row
            tag="div"
>
            <Col
                        tag="div"
                        widths={
                                    Array [
                                                "xs",
                                                "sm",
                                                "md",
                                                "lg",
                                                "xl",
                                              ]
                        }
            >
                        <p>
                                    Home
                        </p>
            </Col>
</Row>,
          "className": "container-fluid",
        },
        "ref": null,
        "rendered": Array [
          Object {
            "instance": null,
            "key": undefined,
            "nodeType": "function",
            "props": Object {
              "children": <Col
                tag="div"
                widths={
                                Array [
                                                "xs",
                                                "sm",
                                                "md",
                                                "lg",
                                                "xl",
                                              ]
                }
>
                <p>
                                Home
                </p>
</Col>,
              "tag": "div",
            },
            "ref": null,
            "rendered": Object {
              "instance": <div
                class="row"
>
                <div
                                class="col"
                >
                                <p>
                                                Home
                                </p>
                </div>
</div>,
              "key": undefined,
              "nodeType": "host",
              "props": Object {
                "children": <Col
                  tag="div"
                  widths={
                                    Array [
                                                      "xs",
                                                      "sm",
                                                      "md",
                                                      "lg",
                                                      "xl",
                                                    ]
                  }
>
                  <p>
                                    Home
                  </p>
</Col>,
                "className": "row",
              },
              "ref": null,
              "rendered": Array [
                Object {
                  "instance": null,
                  "key": undefined,
                  "nodeType": "function",
                  "props": Object {
                    "children": <p>
                      Home
</p>,
                    "tag": "div",
                    "widths": Array [
                      "xs",
                      "sm",
                      "md",
                      "lg",
                      "xl",
                    ],
                  },
                  "ref": null,
                  "rendered": Object {
                    "instance": <div
                      class="col"
>
                      <p>
                                            Home
                      </p>
</div>,
                    "key": undefined,
                    "nodeType": "host",
                    "props": Object {
                      "children": <p>
                        Home
</p>,
                      "className": "col",
                    },
                    "ref": null,
                    "rendered": Array [
                      Object {
                        "instance": <p>
                          Home
</p>,
                        "key": undefined,
                        "nodeType": "host",
                        "props": Object {
                          "children": "Home",
                        },
                        "ref": null,
                        "rendered": Array [
                          "Home",
                        ],
                        "type": "p",
                      },
                    ],
                    "type": "div",
                  },
                  "type": [Function],
                },
              ],
              "type": "div",
            },
            "type": [Function],
          },
        ],
        "type": "div",
      },
      "type": [Function],
    },
    "type": [Function],
  },
  Symbol(enzyme.__nodes__): Array [
    Object {
      "instance": null,
      "key": undefined,
      "nodeType": "function",
      "props": Object {},
      "ref": null,
      "rendered": Object {
        "instance": null,
        "key": undefined,
        "nodeType": "function",
        "props": Object {
          "children": <Row
            tag="div"
>
            <Col
                        tag="div"
                        widths={
                                    Array [
                                                "xs",
                                                "sm",
                                                "md",
                                                "lg",
                                                "xl",
                                              ]
                        }
            >
                        <p>
                                    Home
                        </p>
            </Col>
</Row>,
          "fluid": true,
          "tag": "div",
        },
        "ref": null,
        "rendered": Object {
          "instance": <div
            class="container-fluid"
>
            <div
                        class="row"
            >
                        <div
                                    class="col"
                        >
                                    <p>
                                                Home
                                    </p>
                        </div>
            </div>
</div>,
          "key": undefined,
          "nodeType": "host",
          "props": Object {
            "children": <Row
              tag="div"
>
              <Col
                            tag="div"
                            widths={
                                          Array [
                                                        "xs",
                                                        "sm",
                                                        "md",
                                                        "lg",
                                                        "xl",
                                                      ]
                            }
              >
                            <p>
                                          Home
                            </p>
              </Col>
</Row>,
            "className": "container-fluid",
          },
          "ref": null,
          "rendered": Array [
            Object {
              "instance": null,
              "key": undefined,
              "nodeType": "function",
              "props": Object {
                "children": <Col
                  tag="div"
                  widths={
                                    Array [
                                                      "xs",
                                                      "sm",
                                                      "md",
                                                      "lg",
                                                      "xl",
                                                    ]
                  }
>
                  <p>
                                    Home
                  </p>
</Col>,
                "tag": "div",
              },
              "ref": null,
              "rendered": Object {
                "instance": <div
                  class="row"
>
                  <div
                                    class="col"
                  >
                                    <p>
                                                      Home
                                    </p>
                  </div>
</div>,
                "key": undefined,
                "nodeType": "host",
                "props": Object {
                  "children": <Col
                    tag="div"
                    widths={
                                        Array [
                                                            "xs",
                                                            "sm",
                                                            "md",
                                                            "lg",
                                                            "xl",
                                                          ]
                    }
>
                    <p>
                                        Home
                    </p>
</Col>,
                  "className": "row",
                },
                "ref": null,
                "rendered": Array [
                  Object {
                    "instance": null,
                    "key": undefined,
                    "nodeType": "function",
                    "props": Object {
                      "children": <p>
                        Home
</p>,
                      "tag": "div",
                      "widths": Array [
                        "xs",
                        "sm",
                        "md",
                        "lg",
                        "xl",
                      ],
                    },
                    "ref": null,
                    "rendered": Object {
                      "instance": <div
                        class="col"
>
                        <p>
                                                Home
                        </p>
</div>,
                      "key": undefined,
                      "nodeType": "host",
                      "props": Object {
                        "children": <p>
                          Home
</p>,
                        "className": "col",
                      },
                      "ref": null,
                      "rendered": Array [
                        Object {
                          "instance": <p>
                            Home
</p>,
                          "key": undefined,
                          "nodeType": "host",
                          "props": Object {
                            "children": "Home",
                          },
                          "ref": null,
                          "rendered": Array [
                            "Home",
                          ],
                          "type": "p",
                        },
                      ],
                      "type": "div",
                    },
                    "type": [Function],
                  },
                ],
                "type": "div",
              },
              "type": [Function],
            },
          ],
          "type": "div",
        },
        "type": [Function],
      },
      "type": [Function],
    },
  ],
  Symbol(enzyme.__options__): Object {
    "adapter": ReactSixteenAdapter {
      "options": Object {
        "enableComponentDidUpdateOnSetState": true,
      },
    },
  },
}
`;
